2026-09-16 13:54:22 [INFO   ] [7bc2db1d1734] pipeline: 推荐槽位启动
2026-09-16 13:54:22 [INFO   ] [7bc2db1d1734] pipeline: 推荐引擎开始执行
2026-09-16 13:54:23 [INFO   ] [7bc2db1d1734] pipeline: 推荐引擎执行完毕
2026-09-16 13:54:23 [INFO   ] [7bc2db1d1734] pipeline: 推荐引擎完成
2026-09-16 13:54:23 [INFO   ] [7bc2db1d1734] pipeline: 风格反推开始执行
2026-09-16 13:54:23 [INFO   ] [-] pipeline: 风格反推完成: 0 只基金
2026-09-16 13:54:23 [INFO   ] [7bc2db1d1734] pipeline: 风格反推执行完毕
2026-09-16 13:54:23 [INFO   ] [7bc2db1d1734] pipeline: 风格反推完成
2026-09-16 13:54:23 [INFO   ] [7bc2db1d1734] pipeline: 监控引擎开始执行
2026-09-16 13:54:24 [INFO   ] [-] monitor: === 监控 009999 东方中国红利混合 [赛道:石油天然气] ===
2026-09-16 13:54:24 [INFO   ] [-] monitor: === 监控 003333 泰信智选成长灵活配置混合A [赛道:通用设备] ===
2026-09-16 13:54:25 [INFO   ] [-] monitor: === 监控 025415 新华策略精选股票C [赛道:电子设备制造] ===
2026-09-16 13:54:25 [INFO   ] [-] monitor: === 监控 017787 万家宏观择时多策略混合C [赛道:煤炭] ===
2026-09-16 13:54:25 [INFO   ] [-] monitor: === 监控 011184 东方阿尔法招阳混合A [赛道:航空航天装备] ===
2026-09-16 13:54:25 [INFO   ] [-] monitor: === 监控 011845 博时周期优选混合A [赛道:保险] ===
2026-09-16 13:54:25 [INFO   ] [-] monitor: === 监控 022320 汇添富弘瑞回报混合发起式A [赛道:一般金属及矿石] ===
2026-09-16 13:54:25 [INFO   ] [-] monitor: === 监控 014913 博时研究回报混合A [赛道:银行] ===
2026-09-16 13:54:25 [INFO   ] [-] monitor: === 监控 007306 华泰柏瑞基本面智选A [赛道:石油及天然气] ===
2026-09-16 13:54:25 [INFO   ] [-] monitor: === 监控 019879 万家周期驱动股票发起式A [赛道:港口航运] ===
2026-09-16 13:54:25 [INFO   ] [-] monitor: === 监控 001466 华富永鑫灵活配置混合A [赛道:贵金属] ===
2026-09-16 13:54:25 [INFO   ] [-] monitor: R4 跳过（持仓报告期 2026-06-30 未更新，无新披露数据）: 009999
2026-09-16 13:54:25 [INFO   ] [-] monitor:   HOLD | 未触发任何异常信号，维持持有
2026-09-16 13:54:25 [INFO   ] [-] monitor: R4 跳过（持仓报告期 2026-06-30 未更新，无新披露数据）: 003333
2026-09-16 13:54:25 [INFO   ] [-] monitor:   WARNING | 模型信号转负: 当前预测收益 -0.0027 < 0（买入时 -0.0026）
2026-09-16 13:54:25 [INFO   ] [-] monitor: 平仓 EXIT: 025415 | EMA60趋势退出: NAV连续2日<EMA60（自入场后高点回撤4.72%） | 收益: -0.88%
2026-09-16 13:54:25 [INFO   ] [-] monitor:   EXIT: EMA60趋势退出: NAV连续2日<EMA60（自入场后高点回撤4.72%）
2026-09-16 13:54:26 [INFO   ] [-] monitor: R4 跳过（持仓报告期 2026-06-30 未更新，无新披露数据）: 017787
2026-09-16 13:54:26 [INFO   ] [-] monitor:   HOLD | 未触发任何异常信号，维持持有
2026-09-16 13:54:26 [INFO   ] [-] monitor: R4 跳过（持仓报告期 2026-06-30 未更新，无新披露数据）: 011184
2026-09-16 13:54:26 [INFO   ] [-] monitor:   HOLD | 未触发任何异常信号，维持持有
2026-09-16 13:54:26 [INFO   ] [-] monitor: R4 跳过（持仓报告期 2026-06-30 未更新，无新披露数据）: 011845
2026-09-16 13:54:26 [INFO   ] [-] monitor:   WARNING | 赛道优势丧失: 动量-1.3% < 赛道中位数-0.6% 且未企稳(reversal=-7.2)
2026-09-16 13:54:26 [INFO   ] [-] monitor: R4 跳过（持仓报告期 2026-06-30 未更新，无新披露数据）: 022320
2026-09-16 13:54:26 [INFO   ] [-] monitor:   WARNING | 赛道优势丧失: 动量-0.3% < 赛道中位数-0.3% 且未企稳(reversal=-10.4)
2026-09-16 13:54:26 [INFO   ] [-] monitor: R4 跳过（持仓报告期 2026-06-30 未更新，无新披露数据）: 014913
2026-09-16 13:54:26 [INFO   ] [-] monitor:   WARNING | 赛道优势丧失: 动量-4.1% < 赛道中位数-0.3% 且未企稳(reversal=-6.0); 模型信号相对买入分下降: 当前0.0030 < 买入0.0336的50%
2026-09-16 13:54:26 [INFO   ] [-] monitor: R4 跳过（持仓报告期 2026-06-30 未更新，无新披露数据）: 007306
2026-09-16 13:54:26 [INFO   ] [-] monitor:   WARNING | 模型信号相对买入分下降: 当前0.0014 < 买入0.0140的50%
2026-09-16 13:54:26 [INFO   ] [-] monitor: R4 跳过（持仓报告期 2026-06-30 未更新，无新披露数据）: 019879
2026-09-16 13:54:26 [INFO   ] [-] monitor:   WARNING | 赛道优势丧失: 动量-3.2% < 赛道中位数-1.9% 且未企稳(reversal=-7.9); 模型信号相对买入分下降: 当前0.0139 < 买入0.0546的50%
2026-09-16 13:54:26 [INFO   ] [-] monitor: R4 跳过（持仓报告期 2026-06-30 未更新，无新披露数据）: 001466
2026-09-16 13:54:26 [INFO   ] [-] monitor:   WARNING | 模型信号相对买入分下降: 当前0.0315 < 买入0.0824的50%
2026-09-16 13:54:26 [INFO   ] [-] monitor: 监控完成: 扫描 11 只
2026-09-16 13:54:26 [INFO   ] [7bc2db1d1734] pipeline: 监控引擎执行完毕
2026-09-16 13:54:26 [INFO   ] [7bc2db1d1734] pipeline: 监控引擎完成
PIPELINE_RECOMMEND_DONE
